error: explicit `deref` method call
  --> tests/ui/explicit_deref_methods.rs:120:19
   |
LL |     let b: &str = a.deref();
   |                   ^^^^^^^^^ help: try: `&*a`
   |
   = note: `-D clippy::explicit-deref-methods` implied by `-D warnings`
   = help: to override `-D warnings` add `#[allow(clippy::explicit_deref_methods)]`

error: explicit `deref_mut` method call
  --> tests/ui/explicit_deref_methods.rs:123:23
   |
LL |     let b: &mut str = a.deref_mut();
   |                       ^^^^^^^^^^^^^ help: try: `&mut **a`

error: explicit `deref` method call
  --> tests/ui/explicit_deref_methods.rs:127:39
   |
LL |     let b: String = format!("{}, {}", a.deref(), a.deref());
   |                                       ^^^^^^^^^ help: try: `&*a`

error: explicit `deref` method call
  --> tests/ui/explicit_deref_methods.rs:127:50
   |
LL |     let b: String = format!("{}, {}", a.deref(), a.deref());
   |                                                  ^^^^^^^^^ help: try: `&*a`

error: explicit `deref` method call
  --> tests/ui/explicit_deref_methods.rs:131:20
   |
LL |     println!("{}", a.deref());
   |                    ^^^^^^^^^ help: try: `&*a`

error: explicit `deref` method call
  --> tests/ui/explicit_deref_methods.rs:135:11
   |
LL |     match a.deref() {
   |           ^^^^^^^^^ help: try: `&*a`

error: explicit `deref` method call
  --> tests/ui/explicit_deref_methods.rs:140:28
   |
LL |     let b: String = concat(a.deref());
   |                            ^^^^^^^^^ help: try: `&*a`

error: explicit `deref` method call
  --> tests/ui/explicit_deref_methods.rs:143:13
   |
LL |     let b = just_return(a).deref();
   |             ^^^^^^^^^^^^^^^^^^^^^^ help: try: `just_return(a)`

error: explicit `deref` method call
  --> tests/ui/explicit_deref_methods.rs:146:28
   |
LL |     let b: String = concat(just_return(a).deref());
   |                            ^^^^^^^^^^^^^^^^^^^^^^ help: try: `just_return(a)`

error: explicit `deref` method call
  --> tests/ui/explicit_deref_methods.rs:186:31
   |
LL |     let b: &str = expr_deref!(a.deref());
   |                               ^^^^^^^^^ help: try: `&*a`

error: explicit `deref` method call
  --> tests/ui/explicit_deref_methods.rs:216:14
   |
LL |     let _ = &Deref::deref(&"foo");
   |              ^^^^^^^^^^^^^^^^^^^^ help: try: `*&"foo"`

error: explicit `deref_mut` method call
  --> tests/ui/explicit_deref_methods.rs:218:14
   |
LL |     let _ = &DerefMut::deref_mut(&mut x);
   |              ^^^^^^^^^^^^^^^^^^^^^^^^^^^ help: try: `&mut **&mut x`

error: explicit `deref_mut` method call
  --> tests/ui/explicit_deref_methods.rs:219:14
   |
LL |     let _ = &DerefMut::deref_mut((&mut &mut x).deref_mut());
   |              ^^^^^^^^^^^^^^^^^^^^^^^^^^^^^^^^^^^^^^^^^^^^^^ help: try: `&mut ***(&mut &mut x)`

error: aborting due to 13 previous errors

